// Jest Snapshot v1, https://goo.gl/fbAQLP

exports[`<Footer> should render with default values 1`] = `
<div>
  <footer
    class="sc-dkzDqf dHxPKY"
  >
    <div
      class="sc-gsnTZi dsrxxr"
    >
      <div
        class="sc-bczRLJ cukrCq"
      >
        <h1>
          Olá
        </h1>
      </div>
    </div>
  </footer>
   
</div>
`;
