// Jest Snapshot v1, https://goo.gl/fbAQLP

exports[`<NavLinks> should match snapshot 1`] = `
<nav
  aria-label="Main menu"
  class="sc-bczRLJ jMCoZx"
>
  <a
    class="sc-gsnTZi fAkwIk"
    href="#target1"
    target="_self"
  >
    link 1
  </a>
  <a
    class="sc-gsnTZi fAkwIk"
    href="#target2"
    target="_self"
  >
    link 2
  </a>
  <a
    class="sc-gsnTZi fAkwIk"
    href="#target3"
    target="_self"
  >
    link 3
  </a>
  <a
    class="sc-gsnTZi fAkwIk"
    href="#target4"
    target="_self"
  >
    link 4
  </a>
  <a
    class="sc-gsnTZi fAkwIk"
    href="#target5"
    target="_self"
  >
    link 5
  </a>
</nav>
`;
